// Jest Snapshot v1, https://goo.gl/fbAQLP

exports[`Button component Component Shapshot should match stored snapshot 1`] = `
<div
  className="user user-card"
>
  <h3>
    test-card
  </h3>
  <ul>
    <li
      id="dob"
    >
      D.O.B: 12/12/12
    </li>
    <li
      id="status"
    >
      Employment Status: full-time
    </li>
    <li
      id="income"
    >
      Income: 50000
    </li>
    <li
      id="houseNo"
    >
      House No: 123
    </li>
    <li
      id="postCode"
    >
      Postcode: EC1 1AB
    </li>
  </ul>
  <button
    onClick={[Function]}
    type="button"
  >
    Search for cards
  </button>
</div>
`;
